
Time: 2026-01-03T11:58:19.037Z
Sender: 692db9f0156d36a3faa1e9fd
Notebook: 6958ee85c229621a5da5e96e
Recipients: ["692dbafd156d36a3faa1ea0c"]
             Notebook Found: SAS 2
Results: [{"id":"692dbafd156d36a3faa1ea0c","status":"success"}]

Time: 2026-01-03T11:58:42.556Z
Sender: 692db9f0156d36a3faa1e9fd
Notebook: 6958ee85c229621a5da5e96e
Recipients: ["692dbafd156d36a3faa1ea0c"]
             Notebook Found: SAS 2
Results: [{"id":"692dbafd156d36a3faa1ea0c","status":"success"}]

Time: 2026-01-03T12:01:35.608Z
Sender: 692db9f0156d36a3faa1e9fd
Notebook: 6958ee85c229621a5da5e96e
Recipients: ["692dbafd156d36a3faa1ea0c"]
             Notebook Found: SAS 2
Update Result for 692dbafd156d36a3faa1ea0c: {"acknowledged":false}
Results: [{"id":"692dbafd156d36a3faa1ea0c","status":"success"}]

Time: 2026-01-03T12:05:49.241Z
Sender: 692db9f0156d36a3faa1e9fd
Notebook: 6958ee85c229621a5da5e96e
Recipients: ["692dbafd156d36a3faa1ea0c"]
             Notebook Found: SAS 2
UPDATED Notebook sharedWith: undefined
Results: [{"id":"692dbafd156d36a3faa1ea0c","status":"success"}]

Time: 2026-01-03T12:11:20.163Z
Sender: 692db9f0156d36a3faa1e9fd
Notebook: 6958ee85c229621a5da5e96e
Recipients: ["692dbafd156d36a3faa1ea0c"]
             Notebook Found: SAS 2
Native Update Result for 692dbafd156d36a3faa1ea0c: {"acknowledged":true,"modifiedCount":1,"upsertedId":null,"upsertedCount":0,"matchedCount":1}
Results: [{"id":"692dbafd156d36a3faa1ea0c","status":"success"}]

Time: 2026-01-03T12:11:52.536Z
Sender: 692db9f0156d36a3faa1e9fd
Notebook: 6958ee85c229621a5da5e96e
Recipients: ["692dbafd156d36a3faa1ea0c"]
             Notebook Found: SAS 2
Native Update Result for 692dbafd156d36a3faa1ea0c: {"acknowledged":true,"modifiedCount":1,"upsertedId":null,"upsertedCount":0,"matchedCount":1}
Results: [{"id":"692dbafd156d36a3faa1ea0c","status":"success"}]

Time: 2026-01-08T15:22:02.096Z
Sender: 692db9f0156d36a3faa1e9fd
Notebook: 6958ee85c229621a5da5e96e
Recipients: ["692dbafd156d36a3faa1ea0c"]
             Notebook Found: SAS 2
Results: [{"id":"692dbafd156d36a3faa1ea0c","status":"skipped","reason":"Already shared"}]

Time: 2026-01-08T15:23:58.683Z
Sender: 692db9f0156d36a3faa1e9fd
Notebook: 6931666d0b1cbad701df46c6
Recipients: ["692dbafd156d36a3faa1ea0c"]
             Notebook Found: Git Pro
Native Update Result for 692dbafd156d36a3faa1ea0c: {"acknowledged":true,"modifiedCount":1,"upsertedId":null,"upsertedCount":0,"matchedCount":1}
Results: [{"id":"692dbafd156d36a3faa1ea0c","status":"success"}]
